// Jest Snapshot v1, https://goo.gl/fbAQLP

exports[`fetch-site-assets success 1`] = `
Object {
  "collectedData": Object {},
  "collectedEntities": Array [],
  "collectedRelationships": Array [
    Object {
      "_class": "HAS",
      "_fromEntityKey": "insightvm_site:1",
      "_key": "insightvm_site:1|has|insightvm_asset:1",
      "_toEntityKey": "insightvm_asset:1",
      "_type": "insightvm_site_has_asset",
      "displayName": "HAS",
    },
  ],
  "encounteredEntityKeys": Set {
    "insightvm_account:root",
    "insightvm_site:1",
    "insightvm_asset:1",
  },
  "encounteredTypes": Array [
    "insightvm_account",
    "insightvm_site",
    "insightvm_asset",
    "insightvm_site_has_asset",
  ],
}
`;
