// Jest Snapshot v1, https://goo.gl/fbAQLP

exports[`fetch-site-assets success 1`] = `
{
  "collectedData": {},
  "collectedEntities": [],
  "collectedRelationships": [
    {
      "_class": "MONITORS",
      "_fromEntityKey": "insightvm_site:1",
      "_key": "insightvm_site:1|monitors|insightvm_asset:1",
      "_toEntityKey": "insightvm_asset:1",
      "_type": "insightvm_site_monitors_asset",
      "displayName": "MONITORS",
    },
  ],
  "encounteredEntityKeys": Set {
    "insightvm_account:root",
    "insightvm_site:1",
    "insightvm_asset:1",
  },
  "encounteredTypes": [
    "insightvm_account",
    "insightvm_site",
    "insightvm_asset",
    "insightvm_site_monitors_asset",
  ],
}
`;
